This is pdfTeX, Version 3.141592653-2.6-1.40.27 (TeX Live 2025/nixos.org) (preloaded format=pdflatex 1980.1.1)  28 MAY 2026 12:31
entering extended mode
 \write18 enabled.
 file:line:error style messages enabled.
 %&-line parsing enabled.
**dokumentacja_funkcjonalna.tex
(./dokumentacja_funkcjonalna.tex
LaTeX2e <2025-06-01> patch level 1
L3 programming layer <2025-06-09>
(/nix/store/936y3ibsg3cw4hw6q1hbxxjix46yjzjc-texlive-2025-env-texmfdist/tex/latex/base/article.cls
Document Class: article 2025/01/22 v1.4n Standard LaTeX document class
(/nix/store/936y3ibsg3cw4hw6q1hbxxjix46yjzjc-texlive-2025-env-texmfdist/tex/latex/base/size10.clo
File: size10.clo 2025/01/22 v1.4n Standard LaTeX file (size option)
)
\c@part=\count275
\c@section=\count276
\c@subsection=\count277
\c@subsubsection=\count278
\c@paragraph=\count279
\c@subparagraph=\count280
\c@figure=\count281
\c@table=\count282
\abovecaptionskip=\skip49
\belowcaptionskip=\skip50
\bibindent=\dimen148
) (/nix/store/936y3ibsg3cw4hw6q1hbxxjix46yjzjc-texlive-2025-env-texmfdist/tex/latex/tools/longtable.sty
Package: longtable 2024-12-18 v4.23 Multi-page Table package (DPC)
\LTleft=\skip51
\LTright=\skip52
\LTpre=\skip53
\LTpost=\skip54
\LTchunksize=\count283
\LTcapwidth=\dimen149
\LT@head=\box53
\LT@firsthead=\box54
\LT@foot=\box55
\LT@lastfoot=\box56
\LT@gbox=\box57
\LT@cols=\count284
\LT@rows=\count285
\c@LT@tables=\count286
\c@LT@chunks=\count287
\LT@p@ftn=\toks17
) (./preamble.tex (/nix/store/936y3ibsg3cw4hw6q1hbxxjix46yjzjc-texlive-2025-env-texmfdist/tex/latex/polyglossia/polyglossia.sty
Package: polyglossia 2025/06/30 v2.6 Modern multilingual typesetting with XeLaTeX and LuaLaTeX
 (/nix/store/936y3ibsg3cw4hw6q1hbxxjix46yjzjc-texlive-2025-env-texmfdist/tex/latex/etoolbox/etoolbox.sty
Package: etoolbox 2025/02/11 v2.5l e-TeX tools for LaTeX (JAW)
\etb@tempcnta=\count288
) (/nix/store/936y3ibsg3cw4hw6q1hbxxjix46yjzjc-texlive-2025-env-texmfdist/tex/latex/fontspec/fontspec.sty (/nix/store/936y3ibsg3cw4hw6q1hbxxjix46yjzjc-texlive-2025-env-texmfdist/tex/latex/l3packages/xparse/xparse.sty (/nix/store/936y3ibsg3cw4hw6q1hbxxjix46yjzjc-texlive-2025-env-texmfdist/tex/latex/l3kernel/expl3.sty
Package: expl3 2025-06-09 L3 programming layer (loader) 
 (/nix/store/936y3ibsg3cw4hw6q1hbxxjix46yjzjc-texlive-2025-env-texmfdist/tex/latex/l3backend/l3backend-pdftex.def
File: l3backend-pdftex.def 2025-06-09 L3 backend support: PDF output (pdfTeX)
\l__color_backend_stack_int=\count289
))
Package: xparse 2024-08-16 L3 Experimental document command parser
)
Package: fontspec 2024/05/11 v2.9e Font selection for XeLaTeX and LuaLaTeX


/nix/store/936y3ibsg3cw4hw6q1hbxxjix46yjzjc-texlive-2025-env-texmfdist/tex/latex/fontspec/fontspec.sty:101: Fatal Package fontspec Error: The fontspec package requires either XeTeX or
(fontspec)                      LuaTeX.
(fontspec)                      
(fontspec)                      You must change your typesetting engine to,
(fontspec)                      e.g., "xelatex" or "lualatex" instead of
(fontspec)                      "latex" or "pdflatex".

Type <return> to continue.
 ...                                              
                                                  
l.101 \msg_fatal:nn {fontspec} {cannot-use-pdftex}
                                                  

LaTeX does not know anything more about this error, sorry.

Try typing <return> to proceed.
If that doesn't work, type X <return> to quit.

This is a fatal error: LaTeX will abort.



/nix/store/936y3ibsg3cw4hw6q1hbxxjix46yjzjc-texlive-2025-env-texmfdist/tex/latex/fontspec/fontspec.sty:101: Emergency stop.
<read *> 
         
l.101 \msg_fatal:nn {fontspec} {cannot-use-pdftex}
                                                  
*** (cannot \read from terminal in nonstop modes)

 
Here is how much of TeX's memory you used:
 1001 strings out of 469014
 18744 string characters out of 5439838
 425018 words of memory out of 5000000
 29438 multiletter control sequences out of 15000+600000
 626825 words of font info for 40 fonts, out of 8000000 for 9000
 430 hyphenation exceptions out of 8191
 92i,0n,94p,336b,42s stack positions out of 10000i,1000n,20000p,200000b,200000s
/nix/store/936y3ibsg3cw4hw6q1hbxxjix46yjzjc-texlive-2025-env-texmfdist/tex/latex/fontspec/fontspec.sty:101:  ==> Fatal error occurred, no output PDF file produced!
